<?xml version="1.0" encoding="UTF-8"?>
<testsuites name="Mocha Tests" time="1.2939999999999998" tests="5" failures="0">
  <testsuite name="Root Suite" timestamp="2017-12-25T10:16:30" tests="0" failures="0" time="0">
  </testsuite>
  <testsuite name="config" timestamp="2017-12-25T10:16:30" tests="1" file="C:\Users\Nisch\OneDrive\Documents\Github\Instruction-Division-2.0\test\config.js" failures="0" time="0.025">
    <testcase name="config should be a valid config file" time="0.025" classname="should be a valid config file">
    </testcase>
  </testsuite>
  <testsuite name="database" timestamp="2017-12-25T10:16:30" tests="4" file="C:\Users\Nisch\OneDrive\Documents\Github\Instruction-Division-2.0\test\database.js" failures="0" time="1.269">
    <testcase name="database should get documents from admins model" time="0.041" classname="should get documents from admins model">
    </testcase>
    <testcase name="database should get documents from portals model" time="0.002" classname="should get documents from portals model">
    </testcase>
    <testcase name="database should get documents from students model" time="1.157" classname="should get documents from students model">
    </testcase>
    <testcase name="database should get documents from rooms model" time="0.069" classname="should get documents from rooms model">
    </testcase>
  </testsuite>
</testsuites>